Lattice.Sandbox.exe Warning: 0 : reader saw RightArrow (39)
Lattice.Sandbox.exe Warning: 0 : poller emitting RightArrow (39) Pressed
Lattice.Sandbox.exe Warning: 0 : poller emitting RightArrow (39) Released
Lattice.Sandbox.exe Warning: 0 : reader saw Escape (27)
Lattice.Sandbox.exe Warning: 0 : poller emitting RightArrow (39) Pressed
Lattice.Sandbox.exe Warning: 0 : reader saw RightArrow (39)
Lattice.Sandbox.exe Warning: 0 : route RightArrow Pressed
Lattice.Sandbox.exe Warning: 0 : poller emitting RightArrow (39) Released
Lattice.Sandbox.exe Warning: 0 : route RightArrow Released
Lattice.Sandbox.exe Warning: 0 : reader saw Escape (27)
Lattice.Sandbox.exe Warning: 0 : route Escape Pressed
Lattice.Sandbox.exe Warning: 0 : reader saw RightArrow (39)
Lattice.Sandbox.exe Warning: 0 : poller emitting RightArrow (39) Pressed
Lattice.Sandbox.exe Warning: 0 : route RightArrow Pressed
Lattice.Sandbox.exe Warning: 0 : poller emitting RightArrow (39) Released
Lattice.Sandbox.exe Warning: 0 : route RightArrow Released
Lattice.Sandbox.exe Warning: 0 : reader saw RightArrow (39)
Lattice.Sandbox.exe Warning: 0 : poller emitting RightArrow (39) Pressed
Lattice.Sandbox.exe Warning: 0 : route RightArrow Pressed
Lattice.Sandbox.exe Warning: 0 : poller emitting RightArrow (39) Held
Lattice.Sandbox.exe Warning: 0 : route RightArrow Held
Lattice.Sandbox.exe Warning: 0 : poller emitting RightArrow (39) Held
Lattice.Sandbox.exe Warning: 0 : route RightArrow Held
Lattice.Sandbox.exe Warning: 0 : reader saw RightArrow (39)
Lattice.Sandbox.exe Warning: 0 : poller emitting RightArrow (39) Released
Lattice.Sandbox.exe Warning: 0 : route RightArrow Released
Lattice.Sandbox.exe Warning: 0 : reader saw RightArrow (39)
Lattice.Sandbox.exe Warning: 0 : poller emitting RightArrow (39) Pressed
Lattice.Sandbox.exe Warning: 0 : route RightArrow Pressed
Lattice.Sandbox.exe Warning: 0 : poller emitting RightArrow (39) Released
Lattice.Sandbox.exe Warning: 0 : route RightArrow Released
Lattice.Sandbox.exe Warning: 0 : poller emitting RightArrow (39) Pressed
Lattice.Sandbox.exe Warning: 0 : route RightArrow Pressed
Lattice.Sandbox.exe Warning: 0 : reader saw RightArrow (39)
Lattice.Sandbox.exe Warning: 0 : poller emitting RightArrow (39) Released
Lattice.Sandbox.exe Warning: 0 : route RightArrow Released
Lattice.Sandbox.exe Warning: 0 : reader saw RightArrow (39)
Lattice.Sandbox.exe Warning: 0 : poller emitting RightArrow (39) Pressed
Lattice.Sandbox.exe Warning: 0 : route RightArrow Pressed
Lattice.Sandbox.exe Warning: 0 : poller emitting RightArrow (39) Released
Lattice.Sandbox.exe Warning: 0 : route RightArrow Released
Lattice.Sandbox.exe Warning: 0 : reader saw RightArrow (39)
Lattice.Sandbox.exe Warning: 0 : poller emitting RightArrow (39) Pressed
Lattice.Sandbox.exe Warning: 0 : route RightArrow Pressed
Lattice.Sandbox.exe Warning: 0 : poller emitting RightArrow (39) Released
Lattice.Sandbox.exe Warning: 0 : route RightArrow Released
Lattice.Sandbox.exe Warning: 0 : reader saw RightArrow (39)
Lattice.Sandbox.exe Warning: 0 : poller emitting RightArrow (39) Pressed
Lattice.Sandbox.exe Warning: 0 : route RightArrow Pressed
Lattice.Sandbox.exe Warning: 0 : poller emitting RightArrow (39) Released
Lattice.Sandbox.exe Warning: 0 : route RightArrow Released
Lattice.Sandbox.exe Warning: 0 : poller emitting LeftArrow (37) Pressed
Lattice.Sandbox.exe Warning: 0 : route LeftArrow Pressed
Lattice.Sandbox.exe Warning: 0 : reader saw LeftArrow (37)
Lattice.Sandbox.exe Warning: 0 : poller emitting LeftArrow (37) Released
Lattice.Sandbox.exe Warning: 0 : route LeftArrow Released
Lattice.Sandbox.exe Warning: 0 : reader saw LeftArrow (37)
Lattice.Sandbox.exe Warning: 0 : poller emitting LeftArrow (37) Pressed
Lattice.Sandbox.exe Warning: 0 : route LeftArrow Pressed
Lattice.Sandbox.exe Warning: 0 : poller emitting LeftArrow (37) Released
Lattice.Sandbox.exe Warning: 0 : route LeftArrow Released
Lattice.Sandbox.exe Warning: 0 : reader saw LeftArrow (37)
Lattice.Sandbox.exe Warning: 0 : poller emitting LeftArrow (37) Pressed
Lattice.Sandbox.exe Warning: 0 : route LeftArrow Pressed
Lattice.Sandbox.exe Warning: 0 : poller emitting LeftArrow (37) Released
Lattice.Sandbox.exe Warning: 0 : route LeftArrow Released
Lattice.Sandbox.exe Warning: 0 : reader saw LeftArrow (37)
Lattice.Sandbox.exe Warning: 0 : poller emitting LeftArrow (37) Pressed
Lattice.Sandbox.exe Warning: 0 : route LeftArrow Pressed
Lattice.Sandbox.exe Warning: 0 : poller emitting LeftArrow (37) Released
Lattice.Sandbox.exe Warning: 0 : route LeftArrow Released
Lattice.Sandbox.exe Warning: 0 : reader saw LeftArrow (37)
Lattice.Sandbox.exe Warning: 0 : poller emitting LeftArrow (37) Pressed
Lattice.Sandbox.exe Warning: 0 : route LeftArrow Pressed
Lattice.Sandbox.exe Warning: 0 : poller emitting LeftArrow (37) Released
Lattice.Sandbox.exe Warning: 0 : route LeftArrow Released
Lattice.Sandbox.exe Warning: 0 : reader saw LeftArrow (37)
Lattice.Sandbox.exe Warning: 0 : poller emitting LeftArrow (37) Pressed
Lattice.Sandbox.exe Warning: 0 : route LeftArrow Pressed
Lattice.Sandbox.exe Warning: 0 : poller emitting LeftArrow (37) Released
Lattice.Sandbox.exe Warning: 0 : route LeftArrow Released
Lattice.Sandbox.exe Warning: 0 : reader saw LeftArrow (37)
Lattice.Sandbox.exe Warning: 0 : poller emitting LeftArrow (37) Pressed
Lattice.Sandbox.exe Warning: 0 : route LeftArrow Pressed
Lattice.Sandbox.exe Warning: 0 : poller emitting LeftArrow (37) Released
Lattice.Sandbox.exe Warning: 0 : route LeftArrow Released
Lattice.Sandbox.exe Warning: 0 : reader saw LeftArrow (37)
Lattice.Sandbox.exe Warning: 0 : poller emitting LeftArrow (37) Pressed
Lattice.Sandbox.exe Warning: 0 : route LeftArrow Pressed
Lattice.Sandbox.exe Warning: 0 : poller emitting LeftArrow (37) Released
Lattice.Sandbox.exe Warning: 0 : route LeftArrow Released
Lattice.Sandbox.exe Warning: 0 : reader saw Oem3 (192)
Lattice.Sandbox.exe Warning: 0 : route Oem3 Pressed
Lattice.Sandbox.exe Warning: 0 : reader saw Escape (27)
Lattice.Sandbox.exe Warning: 0 : route Escape Pressed
Lattice.Sandbox.exe Warning: 0 : reader saw RightArrow (39)
Lattice.Sandbox.exe Warning: 0 : poller emitting RightArrow (39) Pressed
Lattice.Sandbox.exe Warning: 0 : route RightArrow Pressed
Lattice.Sandbox.exe Warning: 0 : poller emitting RightArrow (39) Released
Lattice.Sandbox.exe Warning: 0 : route RightArrow Released
Lattice.Sandbox.exe Warning: 0 : reader saw LeftArrow (37)
Lattice.Sandbox.exe Warning: 0 : poller emitting LeftArrow (37) Pressed
Lattice.Sandbox.exe Warning: 0 : route LeftArrow Pressed
Lattice.Sandbox.exe Warning: 0 : poller emitting LeftArrow (37) Released
Lattice.Sandbox.exe Warning: 0 : route LeftArrow Released
Lattice.Sandbox.exe Warning: 0 : reader saw RightArrow (39)
Lattice.Sandbox.exe Warning: 0 : poller emitting RightArrow (39) Pressed
Lattice.Sandbox.exe Warning: 0 : route RightArrow Pressed
Lattice.Sandbox.exe Warning: 0 : poller emitting RightArrow (39) Released
Lattice.Sandbox.exe Warning: 0 : route RightArrow Released
Lattice.Sandbox.exe Warning: 0 : reader saw LeftArrow (37)
Lattice.Sandbox.exe Warning: 0 : poller emitting LeftArrow (37) Pressed
Lattice.Sandbox.exe Warning: 0 : route LeftArrow Pressed
Lattice.Sandbox.exe Warning: 0 : poller emitting LeftArrow (37) Released
Lattice.Sandbox.exe Warning: 0 : route LeftArrow Released
Lattice.Sandbox.exe Warning: 0 : reader saw RightArrow (39)
Lattice.Sandbox.exe Warning: 0 : poller emitting RightArrow (39) Pressed
Lattice.Sandbox.exe Warning: 0 : route RightArrow Pressed
Lattice.Sandbox.exe Warning: 0 : poller emitting RightArrow (39) Released
Lattice.Sandbox.exe Warning: 0 : route RightArrow Released
Lattice.Sandbox.exe Warning: 0 : reader saw LeftArrow (37)
Lattice.Sandbox.exe Warning: 0 : poller emitting LeftArrow (37) Pressed
Lattice.Sandbox.exe Warning: 0 : route LeftArrow Pressed
Lattice.Sandbox.exe Warning: 0 : poller emitting LeftArrow (37) Released
Lattice.Sandbox.exe Warning: 0 : route LeftArrow Released
Lattice.Sandbox.exe Warning: 0 : reader saw RightArrow (39)
Lattice.Sandbox.exe Warning: 0 : poller emitting RightArrow (39) Pressed
Lattice.Sandbox.exe Warning: 0 : route RightArrow Pressed
Lattice.Sandbox.exe Warning: 0 : poller emitting RightArrow (39) Released
Lattice.Sandbox.exe Warning: 0 : route RightArrow Released
Lattice.Sandbox.exe Warning: 0 : reader saw LeftArrow (37)
Lattice.Sandbox.exe Warning: 0 : poller emitting LeftArrow (37) Pressed
Lattice.Sandbox.exe Warning: 0 : route LeftArrow Pressed
Lattice.Sandbox.exe Warning: 0 : poller emitting LeftArrow (37) Released
Lattice.Sandbox.exe Warning: 0 : route LeftArrow Released
Lattice.Sandbox.exe Warning: 0 : reader saw RightArrow (39)
Lattice.Sandbox.exe Warning: 0 : poller emitting RightArrow (39) Pressed
Lattice.Sandbox.exe Warning: 0 : route RightArrow Pressed
Lattice.Sandbox.exe Warning: 0 : poller emitting RightArrow (39) Released
Lattice.Sandbox.exe Warning: 0 : route RightArrow Released
Lattice.Sandbox.exe Warning: 0 : reader saw RightArrow (39)
Lattice.Sandbox.exe Warning: 0 : poller emitting RightArrow (39) Pressed
Lattice.Sandbox.exe Warning: 0 : route RightArrow Pressed
Lattice.Sandbox.exe Warning: 0 : poller emitting RightArrow (39) Held
Lattice.Sandbox.exe Warning: 0 : route RightArrow Held
Lattice.Sandbox.exe Warning: 0 : poller emitting RightArrow (39) Held
Lattice.Sandbox.exe Warning: 0 : route RightArrow Held
Lattice.Sandbox.exe Warning: 0 : reader saw RightArrow (39)
Lattice.Sandbox.exe Warning: 0 : poller emitting RightArrow (39) Held
Lattice.Sandbox.exe Warning: 0 : route RightArrow Held
Lattice.Sandbox.exe Warning: 0 : reader saw RightArrow (39)
Lattice.Sandbox.exe Warning: 0 : reader saw RightArrow (39)
Lattice.Sandbox.exe Warning: 0 : reader saw RightArrow (39)
Lattice.Sandbox.exe Warning: 0 : reader saw RightArrow (39)
Lattice.Sandbox.exe Warning: 0 : poller emitting RightArrow (39) Held
Lattice.Sandbox.exe Warning: 0 : route RightArrow Held
Lattice.Sandbox.exe Warning: 0 : reader saw RightArrow (39)
Lattice.Sandbox.exe Warning: 0 : reader saw RightArrow (39)
Lattice.Sandbox.exe Warning: 0 : reader saw RightArrow (39)
Lattice.Sandbox.exe Warning: 0 : poller emitting RightArrow (39) Held
Lattice.Sandbox.exe Warning: 0 : route RightArrow Held
Lattice.Sandbox.exe Warning: 0 : reader saw RightArrow (39)
Lattice.Sandbox.exe Warning: 0 : reader saw RightArrow (39)
Lattice.Sandbox.exe Warning: 0 : reader saw RightArrow (39)
Lattice.Sandbox.exe Warning: 0 : reader saw RightArrow (39)
Lattice.Sandbox.exe Warning: 0 : poller emitting RightArrow (39) Held
Lattice.Sandbox.exe Warning: 0 : route RightArrow Held
Lattice.Sandbox.exe Warning: 0 : reader saw RightArrow (39)
Lattice.Sandbox.exe Warning: 0 : reader saw RightArrow (39)
Lattice.Sandbox.exe Warning: 0 : reader saw RightArrow (39)
Lattice.Sandbox.exe Warning: 0 : poller emitting RightArrow (39) Held
Lattice.Sandbox.exe Warning: 0 : route RightArrow Held
Lattice.Sandbox.exe Warning: 0 : reader saw RightArrow (39)
Lattice.Sandbox.exe Warning: 0 : reader saw RightArrow (39)
Lattice.Sandbox.exe Warning: 0 : reader saw RightArrow (39)
Lattice.Sandbox.exe Warning: 0 : poller emitting RightArrow (39) Held
Lattice.Sandbox.exe Warning: 0 : route RightArrow Held
Lattice.Sandbox.exe Warning: 0 : reader saw RightArrow (39)
Lattice.Sandbox.exe Warning: 0 : reader saw RightArrow (39)
Lattice.Sandbox.exe Warning: 0 : reader saw RightArrow (39)
Lattice.Sandbox.exe Warning: 0 : reader saw RightArrow (39)
Lattice.Sandbox.exe Warning: 0 : poller emitting RightArrow (39) Held
Lattice.Sandbox.exe Warning: 0 : route RightArrow Held
Lattice.Sandbox.exe Warning: 0 : reader saw RightArrow (39)
Lattice.Sandbox.exe Warning: 0 : reader saw RightArrow (39)
Lattice.Sandbox.exe Warning: 0 : reader saw RightArrow (39)
Lattice.Sandbox.exe Warning: 0 : poller emitting RightArrow (39) Held
Lattice.Sandbox.exe Warning: 0 : route RightArrow Held
Lattice.Sandbox.exe Warning: 0 : reader saw RightArrow (39)
Lattice.Sandbox.exe Warning: 0 : reader saw RightArrow (39)
Lattice.Sandbox.exe Warning: 0 : reader saw RightArrow (39)
Lattice.Sandbox.exe Warning: 0 : poller emitting RightArrow (39) Held
Lattice.Sandbox.exe Warning: 0 : route RightArrow Held
Lattice.Sandbox.exe Warning: 0 : reader saw RightArrow (39)
Lattice.Sandbox.exe Warning: 0 : reader saw RightArrow (39)
Lattice.Sandbox.exe Warning: 0 : reader saw RightArrow (39)
Lattice.Sandbox.exe Warning: 0 : reader saw RightArrow (39)
Lattice.Sandbox.exe Warning: 0 : poller emitting RightArrow (39) Held
Lattice.Sandbox.exe Warning: 0 : route RightArrow Held
Lattice.Sandbox.exe Warning: 0 : reader saw RightArrow (39)
Lattice.Sandbox.exe Warning: 0 : reader saw RightArrow (39)
Lattice.Sandbox.exe Warning: 0 : reader saw RightArrow (39)
Lattice.Sandbox.exe Warning: 0 : poller emitting RightArrow (39) Held
Lattice.Sandbox.exe Warning: 0 : route RightArrow Held
Lattice.Sandbox.exe Warning: 0 : poller emitting RightArrow (39) Released
Lattice.Sandbox.exe Warning: 0 : route RightArrow Released
Lattice.Sandbox.exe Warning: 0 : reader saw RightArrow (39)
Lattice.Sandbox.exe Warning: 0 : poller emitting RightArrow (39) Pressed
Lattice.Sandbox.exe Warning: 0 : route RightArrow Pressed
Lattice.Sandbox.exe Warning: 0 : poller emitting RightArrow (39) Released
Lattice.Sandbox.exe Warning: 0 : route RightArrow Released
Lattice.Sandbox.exe Warning: 0 : reader saw RightArrow (39)
Lattice.Sandbox.exe Warning: 0 : poller emitting RightArrow (39) Pressed
Lattice.Sandbox.exe Warning: 0 : route RightArrow Pressed
Lattice.Sandbox.exe Warning: 0 : poller emitting RightArrow (39) Released
Lattice.Sandbox.exe Warning: 0 : route RightArrow Released
Lattice.Sandbox.exe Warning: 0 : reader saw RightArrow (39)
Lattice.Sandbox.exe Warning: 0 : poller emitting RightArrow (39) Pressed
Lattice.Sandbox.exe Warning: 0 : route RightArrow Pressed
Lattice.Sandbox.exe Warning: 0 : poller emitting RightArrow (39) Released
Lattice.Sandbox.exe Warning: 0 : route RightArrow Released
Lattice.Sandbox.exe Warning: 0 : reader saw RightArrow (39)
Lattice.Sandbox.exe Warning: 0 : poller emitting RightArrow (39) Pressed
Lattice.Sandbox.exe Warning: 0 : route RightArrow Pressed
Lattice.Sandbox.exe Warning: 0 : poller emitting RightArrow (39) Released
Lattice.Sandbox.exe Warning: 0 : route RightArrow Released
Lattice.Sandbox.exe Warning: 0 : reader saw Enter (13)
Lattice.Sandbox.exe Warning: 0 : route Enter Pressed
Lattice.Sandbox.exe Warning: 0 : reader saw Enter (13)
Lattice.Sandbox.exe Warning: 0 : route Enter Pressed
Lattice.Sandbox.exe Warning: 0 : reader saw Enter (13)
Lattice.Sandbox.exe Warning: 0 : route Enter Pressed
Lattice.Sandbox.exe Warning: 0 : reader saw Enter (13)
Lattice.Sandbox.exe Warning: 0 : route Enter Pressed
Lattice.Sandbox.exe Warning: 0 : reader saw Enter (13)
Lattice.Sandbox.exe Warning: 0 : route Enter Pressed
Lattice.Sandbox.exe Warning: 0 : reader saw Enter (13)
Lattice.Sandbox.exe Warning: 0 : route Enter Pressed
Lattice.Sandbox.exe Warning: 0 : reader saw Enter (13)
Lattice.Sandbox.exe Warning: 0 : route Enter Pressed
Lattice.Sandbox.exe Warning: 0 : reader saw Enter (13)
Lattice.Sandbox.exe Warning: 0 : route Enter Pressed
Lattice.Sandbox.exe Warning: 0 : reader saw Enter (13)
Lattice.Sandbox.exe Warning: 0 : route Enter Pressed
Lattice.Sandbox.exe Warning: 0 : reader saw Enter (13)
Lattice.Sandbox.exe Warning: 0 : route Enter Pressed
Lattice.Sandbox.exe Warning: 0 : reader saw Enter (13)
Lattice.Sandbox.exe Warning: 0 : route Enter Pressed
Lattice.Sandbox.exe Warning: 0 : reader saw Enter (13)
Lattice.Sandbox.exe Warning: 0 : route Enter Pressed
Lattice.Sandbox.exe Warning: 0 : reader saw Spacebar (32)
Lattice.Sandbox.exe Warning: 0 : route Spacebar Pressed
Lattice.Sandbox.exe Warning: 0 : reader saw Spacebar (32)
Lattice.Sandbox.exe Warning: 0 : route Spacebar Pressed
Lattice.Sandbox.exe Warning: 0 : reader saw Spacebar (32)
Lattice.Sandbox.exe Warning: 0 : route Spacebar Pressed
Lattice.Sandbox.exe Warning: 0 : reader saw Spacebar (32)
Lattice.Sandbox.exe Warning: 0 : route Spacebar Pressed
Lattice.Sandbox.exe Warning: 0 : reader saw Spacebar (32)
Lattice.Sandbox.exe Warning: 0 : route Spacebar Pressed
Lattice.Sandbox.exe Warning: 0 : reader saw RightArrow (39)
Lattice.Sandbox.exe Warning: 0 : poller emitting RightArrow (39) Pressed
Lattice.Sandbox.exe Warning: 0 : route RightArrow Pressed
Lattice.Sandbox.exe Warning: 0 : poller emitting RightArrow (39) Released
Lattice.Sandbox.exe Warning: 0 : route RightArrow Released
Lattice.Sandbox.exe Warning: 0 : reader saw Spacebar (32)
Lattice.Sandbox.exe Warning: 0 : route Spacebar Pressed
Lattice.Sandbox.exe Warning: 0 : reader saw Spacebar (32)
Lattice.Sandbox.exe Warning: 0 : route Spacebar Pressed
Lattice.Sandbox.exe Warning: 0 : reader saw Spacebar (32)
Lattice.Sandbox.exe Warning: 0 : route Spacebar Pressed
Lattice.Sandbox.exe Warning: 0 : reader saw Spacebar (32)
Lattice.Sandbox.exe Warning: 0 : route Spacebar Pressed
Lattice.Sandbox.exe Warning: 0 : poller emitting RightArrow (39) Pressed
Lattice.Sandbox.exe Warning: 0 : route RightArrow Pressed
Lattice.Sandbox.exe Warning: 0 : reader saw RightArrow (39)
Lattice.Sandbox.exe Warning: 0 : poller emitting RightArrow (39) Released
Lattice.Sandbox.exe Warning: 0 : route RightArrow Released
Lattice.Sandbox.exe Warning: 0 : reader saw Spacebar (32)
Lattice.Sandbox.exe Warning: 0 : route Spacebar Pressed
Lattice.Sandbox.exe Warning: 0 : reader saw RightArrow (39)
Lattice.Sandbox.exe Warning: 0 : poller emitting RightArrow (39) Pressed
Lattice.Sandbox.exe Warning: 0 : route RightArrow Pressed
Lattice.Sandbox.exe Warning: 0 : poller emitting RightArrow (39) Released
Lattice.Sandbox.exe Warning: 0 : route RightArrow Released
Lattice.Sandbox.exe Warning: 0 : reader saw Spacebar (32)
Lattice.Sandbox.exe Warning: 0 : route Spacebar Pressed
Lattice.Sandbox.exe Warning: 0 : reader saw RightArrow (39)
Lattice.Sandbox.exe Warning: 0 : poller emitting RightArrow (39) Pressed
Lattice.Sandbox.exe Warning: 0 : route RightArrow Pressed
Lattice.Sandbox.exe Warning: 0 : poller emitting RightArrow (39) Released
Lattice.Sandbox.exe Warning: 0 : route RightArrow Released
Lattice.Sandbox.exe Warning: 0 : reader saw Spacebar (32)
Lattice.Sandbox.exe Warning: 0 : route Spacebar Pressed
Lattice.Sandbox.exe Warning: 0 : reader saw RightArrow (39)
Lattice.Sandbox.exe Warning: 0 : poller emitting RightArrow (39) Pressed
Lattice.Sandbox.exe Warning: 0 : route RightArrow Pressed
Lattice.Sandbox.exe Warning: 0 : poller emitting RightArrow (39) Released
Lattice.Sandbox.exe Warning: 0 : route RightArrow Released
Lattice.Sandbox.exe Warning: 0 : reader saw Spacebar (32)
Lattice.Sandbox.exe Warning: 0 : route Spacebar Pressed
Lattice.Sandbox.exe Warning: 0 : reader saw LeftArrow (37)
Lattice.Sandbox.exe Warning: 0 : poller emitting LeftArrow (37) Pressed
Lattice.Sandbox.exe Warning: 0 : route LeftArrow Pressed
Lattice.Sandbox.exe Warning: 0 : poller emitting LeftArrow (37) Held
Lattice.Sandbox.exe Warning: 0 : route LeftArrow Held
Lattice.Sandbox.exe Warning: 0 : poller emitting LeftArrow (37) Held
Lattice.Sandbox.exe Warning: 0 : route LeftArrow Held
Lattice.Sandbox.exe Warning: 0 : reader saw LeftArrow (37)
Lattice.Sandbox.exe Warning: 0 : poller emitting LeftArrow (37) Held
Lattice.Sandbox.exe Warning: 0 : route LeftArrow Held
Lattice.Sandbox.exe Warning: 0 : reader saw LeftArrow (37)
Lattice.Sandbox.exe Warning: 0 : reader saw LeftArrow (37)
Lattice.Sandbox.exe Warning: 0 : reader saw LeftArrow (37)
Lattice.Sandbox.exe Warning: 0 : poller emitting LeftArrow (37) Held
Lattice.Sandbox.exe Warning: 0 : route LeftArrow Held
Lattice.Sandbox.exe Warning: 0 : reader saw LeftArrow (37)
Lattice.Sandbox.exe Warning: 0 : reader saw LeftArrow (37)
Lattice.Sandbox.exe Warning: 0 : poller emitting LeftArrow (37) Released
Lattice.Sandbox.exe Warning: 0 : route LeftArrow Released
Lattice.Sandbox.exe Warning: 0 : reader saw Spacebar (32)
Lattice.Sandbox.exe Warning: 0 : route Spacebar Pressed
Lattice.Sandbox.exe Warning: 0 : reader saw Tab (9)
Lattice.Sandbox.exe Warning: 0 : route Tab Pressed
Lattice.Sandbox.exe Warning: 0 : reader saw Spacebar (32)
Lattice.Sandbox.exe Warning: 0 : route Spacebar Pressed
Lattice.Sandbox.exe Warning: 0 : reader saw Tab (9)
Lattice.Sandbox.exe Warning: 0 : route Tab Pressed
Lattice.Sandbox.exe Warning: 0 : reader saw Spacebar (32)
Lattice.Sandbox.exe Warning: 0 : route Spacebar Pressed
Lattice.Sandbox.exe Warning: 0 : reader saw Tab (9)
Lattice.Sandbox.exe Warning: 0 : route Tab Pressed
Lattice.Sandbox.exe Warning: 0 : reader saw Tab (9)
Lattice.Sandbox.exe Warning: 0 : route Tab Pressed
Lattice.Sandbox.exe Warning: 0 : reader saw Spacebar (32)
Lattice.Sandbox.exe Warning: 0 : route Spacebar Pressed
Lattice.Sandbox.exe Warning: 0 : reader saw Tab (9)
Lattice.Sandbox.exe Warning: 0 : route Tab Pressed
Lattice.Sandbox.exe Warning: 0 : reader saw Spacebar (32)
Lattice.Sandbox.exe Warning: 0 : route Spacebar Pressed
Lattice.Sandbox.exe Warning: 0 : reader saw Spacebar (32)
Lattice.Sandbox.exe Warning: 0 : route Spacebar Pressed
Lattice.Sandbox.exe Warning: 0 : reader saw Spacebar (32)
Lattice.Sandbox.exe Warning: 0 : route Spacebar Pressed
Lattice.Sandbox.exe Warning: 0 : reader saw D (68)
Lattice.Sandbox.exe Warning: 0 : route D Pressed
Lattice.Sandbox.exe Warning: 0 : reader saw O (79)
Lattice.Sandbox.exe Warning: 0 : route O Pressed
Lattice.Sandbox.exe Warning: 0 : reader saw Oem3 (192)
Lattice.Sandbox.exe Warning: 0 : route Oem3 Pressed
Lattice.Sandbox.exe Warning: 0 : reader saw Escape (27)
Lattice.Sandbox.exe Warning: 0 : route Escape Pressed
Lattice.Sandbox.exe Warning: 0 : reader saw RightArrow (39)
Lattice.Sandbox.exe Warning: 0 : poller emitting RightArrow (39) Pressed
Lattice.Sandbox.exe Warning: 0 : route RightArrow Pressed
Lattice.Sandbox.exe Warning: 0 : poller emitting RightArrow (39) Released
Lattice.Sandbox.exe Warning: 0 : route RightArrow Released
Lattice.Sandbox.exe Warning: 0 : reader saw RightArrow (39)
Lattice.Sandbox.exe Warning: 0 : poller emitting RightArrow (39) Pressed
Lattice.Sandbox.exe Warning: 0 : route RightArrow Pressed
Lattice.Sandbox.exe Warning: 0 : poller emitting RightArrow (39) Released
Lattice.Sandbox.exe Warning: 0 : route RightArrow Released
Lattice.Sandbox.exe Warning: 0 : reader saw RightArrow (39)
Lattice.Sandbox.exe Warning: 0 : poller emitting RightArrow (39) Pressed
Lattice.Sandbox.exe Warning: 0 : route RightArrow Pressed
Lattice.Sandbox.exe Warning: 0 : poller emitting RightArrow (39) Released
Lattice.Sandbox.exe Warning: 0 : route RightArrow Released
Lattice.Sandbox.exe Warning: 0 : reader saw RightArrow (39)
Lattice.Sandbox.exe Warning: 0 : poller emitting RightArrow (39) Pressed
Lattice.Sandbox.exe Warning: 0 : route RightArrow Pressed
Lattice.Sandbox.exe Warning: 0 : poller emitting RightArrow (39) Released
Lattice.Sandbox.exe Warning: 0 : route RightArrow Released
Lattice.Sandbox.exe Warning: 0 : reader saw RightArrow (39)
Lattice.Sandbox.exe Warning: 0 : poller emitting RightArrow (39) Pressed
Lattice.Sandbox.exe Warning: 0 : route RightArrow Pressed
Lattice.Sandbox.exe Warning: 0 : poller emitting RightArrow (39) Released
Lattice.Sandbox.exe Warning: 0 : route RightArrow Released
Lattice.Sandbox.exe Warning: 0 : reader saw RightArrow (39)
Lattice.Sandbox.exe Warning: 0 : poller emitting RightArrow (39) Pressed
Lattice.Sandbox.exe Warning: 0 : route RightArrow Pressed
Lattice.Sandbox.exe Warning: 0 : poller emitting RightArrow (39) Released
Lattice.Sandbox.exe Warning: 0 : route RightArrow Released
Lattice.Sandbox.exe Warning: 0 : reader saw RightArrow (39)
Lattice.Sandbox.exe Warning: 0 : poller emitting RightArrow (39) Pressed
Lattice.Sandbox.exe Warning: 0 : route RightArrow Pressed
Lattice.Sandbox.exe Warning: 0 : poller emitting RightArrow (39) Released
Lattice.Sandbox.exe Warning: 0 : route RightArrow Released
Lattice.Sandbox.exe Warning: 0 : poller emitting RightArrow (39) Pressed
Lattice.Sandbox.exe Warning: 0 : route RightArrow Pressed
Lattice.Sandbox.exe Warning: 0 : reader saw RightArrow (39)
Lattice.Sandbox.exe Warning: 0 : poller emitting RightArrow (39) Released
Lattice.Sandbox.exe Warning: 0 : route RightArrow Released
Lattice.Sandbox.exe Warning: 0 : reader saw RightArrow (39)
Lattice.Sandbox.exe Warning: 0 : poller emitting RightArrow (39) Pressed
Lattice.Sandbox.exe Warning: 0 : route RightArrow Pressed
Lattice.Sandbox.exe Warning: 0 : poller emitting RightArrow (39) Released
Lattice.Sandbox.exe Warning: 0 : route RightArrow Released
Lattice.Sandbox.exe Warning: 0 : reader saw RightArrow (39)
Lattice.Sandbox.exe Warning: 0 : poller emitting RightArrow (39) Pressed
Lattice.Sandbox.exe Warning: 0 : route RightArrow Pressed
Lattice.Sandbox.exe Warning: 0 : poller emitting RightArrow (39) Released
Lattice.Sandbox.exe Warning: 0 : route RightArrow Released
Lattice.Sandbox.exe Warning: 0 : reader saw Tab (9)
Lattice.Sandbox.exe Warning: 0 : route Tab Pressed
Lattice.Sandbox.exe Warning: 0 : reader saw Tab (9)
Lattice.Sandbox.exe Warning: 0 : route Tab Pressed
Lattice.Sandbox.exe Warning: 0 : reader saw Tab (9)
Lattice.Sandbox.exe Warning: 0 : route Tab Pressed
Lattice.Sandbox.exe Warning: 0 : reader saw Tab (9)
Lattice.Sandbox.exe Warning: 0 : route Tab Pressed
Lattice.Sandbox.exe Warning: 0 : reader saw Tab (9)
Lattice.Sandbox.exe Warning: 0 : route Tab Pressed
Lattice.Sandbox.exe Warning: 0 : reader saw Tab (9)
Lattice.Sandbox.exe Warning: 0 : route Tab Pressed
Lattice.Sandbox.exe Warning: 0 : reader saw Spacebar (32)
Lattice.Sandbox.exe Warning: 0 : route Spacebar Pressed
Lattice.Sandbox.exe Warning: 0 : reader saw Tab (9)
Lattice.Sandbox.exe Warning: 0 : route Tab Pressed
Lattice.Sandbox.exe Warning: 0 : reader saw Spacebar (32)
Lattice.Sandbox.exe Warning: 0 : route Spacebar Pressed
Lattice.Sandbox.exe Warning: 0 : reader saw Escape (27)
Lattice.Sandbox.exe Warning: 0 : route Escape Pressed
Lattice.Sandbox.exe Warning: 0 : reader saw RightArrow (39)
Lattice.Sandbox.exe Warning: 0 : poller emitting RightArrow (39) Pressed
Lattice.Sandbox.exe Warning: 0 : route RightArrow Pressed
Lattice.Sandbox.exe Warning: 0 : poller emitting RightArrow (39) Released
Lattice.Sandbox.exe Warning: 0 : route RightArrow Released
Lattice.Sandbox.exe Warning: 0 : reader saw RightArrow (39)
Lattice.Sandbox.exe Warning: 0 : poller emitting RightArrow (39) Pressed
Lattice.Sandbox.exe Warning: 0 : route RightArrow Pressed
Lattice.Sandbox.exe Warning: 0 : poller emitting RightArrow (39) Released
Lattice.Sandbox.exe Warning: 0 : route RightArrow Released
Lattice.Sandbox.exe Warning: 0 : reader saw RightArrow (39)
Lattice.Sandbox.exe Warning: 0 : poller emitting RightArrow (39) Pressed
Lattice.Sandbox.exe Warning: 0 : route RightArrow Pressed
Lattice.Sandbox.exe Warning: 0 : poller emitting RightArrow (39) Released
Lattice.Sandbox.exe Warning: 0 : route RightArrow Released
Lattice.Sandbox.exe Warning: 0 : reader saw RightArrow (39)
Lattice.Sandbox.exe Warning: 0 : poller emitting RightArrow (39) Pressed
Lattice.Sandbox.exe Warning: 0 : route RightArrow Pressed
Lattice.Sandbox.exe Warning: 0 : poller emitting RightArrow (39) Released
Lattice.Sandbox.exe Warning: 0 : route RightArrow Released
Lattice.Sandbox.exe Warning: 0 : reader saw Tab (9)
Lattice.Sandbox.exe Warning: 0 : route Tab Pressed
Lattice.Sandbox.exe Warning: 0 : reader saw Tab (9)
Lattice.Sandbox.exe Warning: 0 : route Tab Pressed
Lattice.Sandbox.exe Warning: 0 : reader saw Tab (9)
Lattice.Sandbox.exe Warning: 0 : route Tab Pressed
Lattice.Sandbox.exe Warning: 0 : reader saw Tab (9)
Lattice.Sandbox.exe Warning: 0 : route Tab Pressed
Lattice.Sandbox.exe Warning: 0 : reader saw Tab (9)
Lattice.Sandbox.exe Warning: 0 : route Tab Pressed
Lattice.Sandbox.exe Warning: 0 : reader saw Tab (9)
Lattice.Sandbox.exe Warning: 0 : route Tab Pressed
Lattice.Sandbox.exe Warning: 0 : reader saw Tab (9)
Lattice.Sandbox.exe Warning: 0 : route Tab Pressed
Lattice.Sandbox.exe Warning: 0 : reader saw Tab (9)
Lattice.Sandbox.exe Warning: 0 : route Tab Pressed
Lattice.Sandbox.exe Warning: 0 : reader saw Tab (9)
Lattice.Sandbox.exe Warning: 0 : route Tab Pressed
Lattice.Sandbox.exe Warning: 0 : reader saw Tab (9)
Lattice.Sandbox.exe Warning: 0 : route Tab Pressed
Lattice.Sandbox.exe Warning: 0 : reader saw Tab (9)
Lattice.Sandbox.exe Warning: 0 : route Tab Pressed
Lattice.Sandbox.exe Warning: 0 : reader saw Tab (9)
Lattice.Sandbox.exe Warning: 0 : route Tab Pressed
Lattice.Sandbox.exe Warning: 0 : reader saw Tab (9)
Lattice.Sandbox.exe Warning: 0 : route Tab Pressed
Lattice.Sandbox.exe Warning: 0 : reader saw Tab (9)
Lattice.Sandbox.exe Warning: 0 : route Tab Pressed
Lattice.Sandbox.exe Warning: 0 : reader saw Tab (9)
Lattice.Sandbox.exe Warning: 0 : route Tab Pressed
Lattice.Sandbox.exe Warning: 0 : reader saw Tab (9)
Lattice.Sandbox.exe Warning: 0 : route Tab Pressed
Lattice.Sandbox.exe Warning: 0 : reader saw Tab (9)
Lattice.Sandbox.exe Warning: 0 : route Tab Pressed
Lattice.Sandbox.exe Warning: 0 : reader saw Tab (9)
Lattice.Sandbox.exe Warning: 0 : route Tab Pressed
Lattice.Sandbox.exe Warning: 0 : reader saw Tab (9)
Lattice.Sandbox.exe Warning: 0 : route Tab Pressed
Lattice.Sandbox.exe Warning: 0 : reader saw Tab (9)
Lattice.Sandbox.exe Warning: 0 : route Tab Pressed
Lattice.Sandbox.exe Warning: 0 : reader saw Tab (9)
Lattice.Sandbox.exe Warning: 0 : route Tab Pressed
Lattice.Sandbox.exe Warning: 0 : reader saw Tab (9)
Lattice.Sandbox.exe Warning: 0 : route Tab Pressed
Lattice.Sandbox.exe Warning: 0 : reader saw Tab (9)
Lattice.Sandbox.exe Warning: 0 : route Tab Pressed
Lattice.Sandbox.exe Warning: 0 : reader saw Tab (9)
Lattice.Sandbox.exe Warning: 0 : route Tab Pressed
Lattice.Sandbox.exe Warning: 0 : reader saw Spacebar (32)
Lattice.Sandbox.exe Warning: 0 : route Spacebar Pressed
Lattice.Sandbox.exe Warning: 0 : reader saw Tab (9)
Lattice.Sandbox.exe Warning: 0 : route Tab Pressed
Lattice.Sandbox.exe Warning: 0 : reader saw Spacebar (32)
Lattice.Sandbox.exe Warning: 0 : route Spacebar Pressed
Lattice.Sandbox.exe Warning: 0 : reader saw Spacebar (32)
Lattice.Sandbox.exe Warning: 0 : route Spacebar Pressed
Lattice.Sandbox.exe Warning: 0 : reader saw Tab (9)
Lattice.Sandbox.exe Warning: 0 : route Tab Pressed
Lattice.Sandbox.exe Warning: 0 : reader saw Spacebar (32)
Lattice.Sandbox.exe Warning: 0 : route Spacebar Pressed
Lattice.Sandbox.exe Warning: 0 : reader saw Spacebar (32)
Lattice.Sandbox.exe Warning: 0 : route Spacebar Pressed
Lattice.Sandbox.exe Warning: 0 : reader saw Spacebar (32)
Lattice.Sandbox.exe Warning: 0 : route Spacebar Pressed
Lattice.Sandbox.exe Warning: 0 : reader saw Spacebar (32)
Lattice.Sandbox.exe Warning: 0 : route Spacebar Pressed
Lattice.Sandbox.exe Warning: 0 : reader saw Spacebar (32)
Lattice.Sandbox.exe Warning: 0 : route Spacebar Pressed
Lattice.Sandbox.exe Warning: 0 : reader saw Spacebar (32)
Lattice.Sandbox.exe Warning: 0 : route Spacebar Pressed
Lattice.Sandbox.exe Warning: 0 : reader saw Spacebar (32)
Lattice.Sandbox.exe Warning: 0 : route Spacebar Pressed
Lattice.Sandbox.exe Warning: 0 : reader saw Spacebar (32)
Lattice.Sandbox.exe Warning: 0 : route Spacebar Pressed
Lattice.Sandbox.exe Warning: 0 : reader saw Spacebar (32)
Lattice.Sandbox.exe Warning: 0 : route Spacebar Pressed
Lattice.Sandbox.exe Warning: 0 : reader saw Spacebar (32)
Lattice.Sandbox.exe Warning: 0 : route Spacebar Pressed
Lattice.Sandbox.exe Warning: 0 : reader saw Spacebar (32)
Lattice.Sandbox.exe Warning: 0 : route Spacebar Pressed
Lattice.Sandbox.exe Warning: 0 : reader saw Spacebar (32)
Lattice.Sandbox.exe Warning: 0 : route Spacebar Pressed
Lattice.Sandbox.exe Warning: 0 : reader saw Spacebar (32)
Lattice.Sandbox.exe Warning: 0 : route Spacebar Pressed
Lattice.Sandbox.exe Warning: 0 : reader saw Spacebar (32)
Lattice.Sandbox.exe Warning: 0 : route Spacebar Pressed
Lattice.Sandbox.exe Warning: 0 : reader saw Spacebar (32)
Lattice.Sandbox.exe Warning: 0 : route Spacebar Pressed
Lattice.Sandbox.exe Warning: 0 : reader saw Spacebar (32)
Lattice.Sandbox.exe Warning: 0 : route Spacebar Pressed
Lattice.Sandbox.exe Warning: 0 : reader saw Spacebar (32)
Lattice.Sandbox.exe Warning: 0 : route Spacebar Pressed
Lattice.Sandbox.exe Warning: 0 : reader saw Tab (9)
Lattice.Sandbox.exe Warning: 0 : route Tab Pressed
Lattice.Sandbox.exe Warning: 0 : reader saw Tab (9)
Lattice.Sandbox.exe Warning: 0 : route Tab Pressed
Lattice.Sandbox.exe Warning: 0 : reader saw Tab (9)
Lattice.Sandbox.exe Warning: 0 : route Tab Pressed
Lattice.Sandbox.exe Warning: 0 : reader saw Tab (9)
Lattice.Sandbox.exe Warning: 0 : route Tab Pressed
Lattice.Sandbox.exe Warning: 0 : reader saw Tab (9)
Lattice.Sandbox.exe Warning: 0 : route Tab Pressed
Lattice.Sandbox.exe Warning: 0 : reader saw Tab (9)
Lattice.Sandbox.exe Warning: 0 : route Tab Pressed
Lattice.Sandbox.exe Warning: 0 : reader saw Tab (9)
Lattice.Sandbox.exe Warning: 0 : route Tab Pressed
Lattice.Sandbox.exe Warning: 0 : reader saw Tab (9)
Lattice.Sandbox.exe Warning: 0 : route Tab Pressed
Lattice.Sandbox.exe Warning: 0 : reader saw Tab (9)
Lattice.Sandbox.exe Warning: 0 : route Tab Pressed
Lattice.Sandbox.exe Warning: 0 : reader saw Tab (9)
Lattice.Sandbox.exe Warning: 0 : route Tab Pressed
Lattice.Sandbox.exe Warning: 0 : reader saw Tab (9)
Lattice.Sandbox.exe Warning: 0 : route Tab Pressed
Lattice.Sandbox.exe Warning: 0 : reader saw Tab (9)
Lattice.Sandbox.exe Warning: 0 : route Tab Pressed
Lattice.Sandbox.exe Warning: 0 : reader saw Tab (9)
Lattice.Sandbox.exe Warning: 0 : route Tab Pressed
Lattice.Sandbox.exe Warning: 0 : reader saw Tab (9)
Lattice.Sandbox.exe Warning: 0 : route Tab Pressed
Lattice.Sandbox.exe Warning: 0 : reader saw Tab (9)
Lattice.Sandbox.exe Warning: 0 : route Tab Pressed
Lattice.Sandbox.exe Warning: 0 : reader saw Tab (9)
Lattice.Sandbox.exe Warning: 0 : route Tab Pressed
Lattice.Sandbox.exe Warning: 0 : reader saw Tab (9)
Lattice.Sandbox.exe Warning: 0 : route Tab Pressed
Lattice.Sandbox.exe Warning: 0 : reader saw Tab (9)
Lattice.Sandbox.exe Warning: 0 : route Tab Pressed
Lattice.Sandbox.exe Warning: 0 : reader saw Tab (9)
Lattice.Sandbox.exe Warning: 0 : route Tab Pressed
Lattice.Sandbox.exe Warning: 0 : reader saw Tab (9)
Lattice.Sandbox.exe Warning: 0 : route Tab Pressed
Lattice.Sandbox.exe Warning: 0 : reader saw Tab (9)
Lattice.Sandbox.exe Warning: 0 : route Tab Pressed
Lattice.Sandbox.exe Warning: 0 : reader saw Tab (9)
Lattice.Sandbox.exe Warning: 0 : route Tab Pressed
Lattice.Sandbox.exe Warning: 0 : reader saw Tab (9)
Lattice.Sandbox.exe Warning: 0 : route Tab Pressed
Lattice.Sandbox.exe Warning: 0 : reader saw Spacebar (32)
Lattice.Sandbox.exe Warning: 0 : route Spacebar Pressed
Lattice.Sandbox.exe Warning: 0 : poller emitting LeftArrow (37) Pressed
Lattice.Sandbox.exe Warning: 0 : route LeftArrow Pressed
Lattice.Sandbox.exe Warning: 0 : poller emitting LeftArrow (37) Released
Lattice.Sandbox.exe Warning: 0 : route LeftArrow Released
Lattice.Sandbox.exe Warning: 0 : poller emitting LeftArrow (37) Pressed
Lattice.Sandbox.exe Warning: 0 : route LeftArrow Pressed
Lattice.Sandbox.exe Warning: 0 : poller emitting LeftArrow (37) Released
Lattice.Sandbox.exe Warning: 0 : route LeftArrow Released
Lattice.Sandbox.exe Warning: 0 : poller emitting RightArrow (39) Pressed
Lattice.Sandbox.exe Warning: 0 : route RightArrow Pressed
Lattice.Sandbox.exe Warning: 0 : poller emitting RightArrow (39) Released
Lattice.Sandbox.exe Warning: 0 : route RightArrow Released
Lattice.Sandbox.exe Warning: 0 : poller emitting RightArrow (39) Pressed
Lattice.Sandbox.exe Warning: 0 : route RightArrow Pressed
Lattice.Sandbox.exe Warning: 0 : poller emitting RightArrow (39) Released
Lattice.Sandbox.exe Warning: 0 : route RightArrow Released
Lattice.Sandbox.exe Warning: 0 : poller emitting RightArrow (39) Pressed
Lattice.Sandbox.exe Warning: 0 : route RightArrow Pressed
Lattice.Sandbox.exe Warning: 0 : poller emitting RightArrow (39) Released
Lattice.Sandbox.exe Warning: 0 : route RightArrow Released
Lattice.Sandbox.exe Warning: 0 : poller emitting LeftArrow (37) Pressed
Lattice.Sandbox.exe Warning: 0 : route LeftArrow Pressed
Lattice.Sandbox.exe Warning: 0 : poller emitting LeftArrow (37) Released
Lattice.Sandbox.exe Warning: 0 : route LeftArrow Released
Lattice.Sandbox.exe Warning: 0 : poller emitting LeftArrow (37) Pressed
Lattice.Sandbox.exe Warning: 0 : route LeftArrow Pressed
Lattice.Sandbox.exe Warning: 0 : poller emitting LeftArrow (37) Released
Lattice.Sandbox.exe Warning: 0 : route LeftArrow Released
Lattice.Sandbox.exe Warning: 0 : poller emitting LeftArrow (37) Pressed
Lattice.Sandbox.exe Warning: 0 : route LeftArrow Pressed
Lattice.Sandbox.exe Warning: 0 : poller emitting LeftArrow (37) Released
Lattice.Sandbox.exe Warning: 0 : route LeftArrow Released
Lattice.Sandbox.exe Warning: 0 : poller emitting RightArrow (39) Pressed
Lattice.Sandbox.exe Warning: 0 : route RightArrow Pressed
Lattice.Sandbox.exe Warning: 0 : poller emitting RightArrow (39) Released
Lattice.Sandbox.exe Warning: 0 : route RightArrow Released
Lattice.Sandbox.exe Warning: 0 : reader saw Escape (27)
Lattice.Sandbox.exe Warning: 0 : route Escape Pressed
